between,features,pca,8,7,0.5885,0.6188
between,features,relieff,8,19,0.5022,0.5348
between,features,all,9,13,0.6071,0.6348
between,features,pca,9,17,0.5836,0.6158
between,features,relieff,9,13,0.5560,0.5835
between,features,all,10,17,0.5929,0.6135
between,features,pca,10,17,0.5676,0.5949
between,features,relieff,10,9,0.4761,0.5253
between,features,all,1,19,0.6321,0.6546
between,features,pca,1,15,0.6046,0.6323
between,features,relieff,1,19,0.5066,0.5388
between,features,all,2,13,0.5623,0.5947
between,features,pca,2,15,0.5305,0.5644
between,features,relieff,2,13,0.5097,0.5451
between,features,all,3,19,0.5558,0.5871
between,features,pca,3,5,0.5219,0.5488
between,features,relieff,3,13,0.5293,0.5504
between,features,all,4,11,0.5938,0.6212
between,features,pca,4,9,0.5624,0.5944
between,features,relieff,4,7,0.5188,0.5497
between,features,all,5,15,0.5891,0.6155
between,features,pca,5,15,0.5788,0.6093
between,features,relieff,5,19,0.5173,0.5482
between,features,all,6,1,0.5929,0.6254
between,features,pca,6,11,0.5858,0.6238
between,features,relieff,6,17,0.5245,0.5503
between,features,all,7,1,0.5704,0.5999
between,features,pca,7,7,0.5378,0.5664
between,features,relieff,7,1,0.4432,0.4834
between,features,all,8,3,0.5861,0.6169
between,features,pca,8,7,0.5885,0.6188
between,features,relieff,8,19,0.5022,0.5348
between,features,all,9,13,0.6071,0.6348
between,features,pca,9,17,0.5836,0.6158
between,features,relieff,9,13,0.5560,0.5835
between,features,all,10,17,0.5929,0.6135
between,features,pca,10,17,0.5676,0.5949
between,features,relieff,10,9,0.4761,0.5253
between,embeddings,all,1,3,0.4586,0.4944
between,embeddings,pca,1,9,0.4308,0.4765
between,embeddings,relieff,1,1,0.3819,0.4555
between,embeddings,all,2,1,0.4580,0.4813
between,embeddings,pca,2,11,0.4083,0.4310
between,embeddings,relieff,2,1,0.3755,0.4413
between,embeddings,all,3,1,0.4436,0.4703
between,embeddings,pca,3,19,0.3923,0.4143
between,embeddings,relieff,3,19,0.3786,0.4331
between,embeddings,all,4,1,0.4617,0.4934
between,embeddings,pca,4,5,0.4151,0.4491
between,embeddings,relieff,4,9,0.4026,0.4485
between,embeddings,all,5,1,0.4411,0.4842
between,embeddings,pca,5,15,0.3972,0.4414
between,embeddings,relieff,5,1,0.3979,0.4600
between,embeddings,all,6,5,0.4542,0.4807
between,embeddings,pca,6,19,0.4055,0.4386
between,embeddings,relieff,6,17,0.4191,0.4725
between,embeddings,all,7,3,0.4401,0.4687
between,embeddings,pca,7,9,0.3879,0.4190
between,embeddings,relieff,7,15,0.3954,0.4573
between,embeddings,all,8,1,0.4504,0.4941
between,embeddings,pca,8,7,0.4262,0.4731
between,embeddings,relieff,8,7,0.4181,0.4798
between,embeddings,all,9,9,0.4520,0.4791
between,embeddings,pca,9,11,0.4092,0.4428
between,embeddings,relieff,9,17,0.4024,0.4556
between,embeddings,all,10,5,0.4297,0.4595
between,embeddings,pca,10,17,0.3775,0.4001
between,embeddings,relieff,10,19,0.4117,0.4565
between,embeddings,all,1,3,0.4586,0.4944
between,embeddings,pca,1,9,0.4308,0.4765
between,embeddings,relieff,1,1,0.3819,0.4555
between,embeddings,all,2,1,0.4580,0.4813
between,embeddings,pca,2,11,0.4083,0.4310
between,embeddings,relieff,2,1,0.3755,0.4413
between,embeddings,all,3,1,0.4436,0.4703
between,embeddings,pca,3,19,0.3923,0.4143
between,embeddings,relieff,3,19,0.3786,0.4331
between,embeddings,all,4,1,0.4617,0.4934
between,embeddings,pca,4,5,0.4151,0.4491
between,embeddings,relieff,4,9,0.4026,0.4485
between,embeddings,all,5,1,0.4411,0.4842
between,embeddings,pca,5,15,0.3972,0.4414
between,embeddings,relieff,5,1,0.3979,0.4600
between,embeddings,all,6,5,0.4542,0.4807
between,embeddings,pca,6,19,0.4055,0.4386
between,embeddings,relieff,6,17,0.4191,0.4725
between,embeddings,all,7,3,0.4401,0.4687
between,embeddings,pca,7,9,0.3879,0.4190
between,embeddings,relieff,7,15,0.3954,0.4573
between,embeddings,all,8,1,0.4504,0.4941
between,embeddings,pca,8,7,0.4262,0.4731
between,embeddings,relieff,8,7,0.4181,0.4798
between,embeddings,all,9,9,0.4520,0.4791
between,embeddings,pca,9,11,0.4092,0.4428
between,embeddings,relieff,9,17,0.4024,0.4556
between,embeddings,all,10,5,0.4297,0.4595
between,embeddings,pca,10,17,0.3775,0.4001
between,embeddings,relieff,10,19,0.4117,0.4565
between,embeddings,all,1,3,0.4586,0.4944
between,embeddings,pca,1,9,0.4308,0.4765
between,embeddings,relieff,1,1,0.3819,0.4555
between,embeddings,all,2,1,0.4580,0.4813
between,embeddings,pca,2,11,0.4083,0.4310
between,embeddings,relieff,2,1,0.3755,0.4413
between,embeddings,all,3,1,0.4436,0.4703
between,embeddings,pca,3,19,0.3923,0.4143
between,embeddings,relieff,3,19,0.3786,0.4331
between,embeddings,all,4,1,0.4617,0.4934
between,embeddings,pca,4,5,0.4151,0.4491
between,embeddings,relieff,4,9,0.4026,0.4485
between,embeddings,all,5,1,0.4411,0.4842
between,embeddings,pca,5,15,0.3972,0.4414
between,embeddings,relieff,5,1,0.3979,0.4600
between,embeddings,all,6,5,0.4542,0.4807
between,embeddings,pca,6,19,0.4055,0.4386
between,embeddings,relieff,6,17,0.4191,0.4725
between,embeddings,all,7,3,0.4401,0.4687
between,embeddings,pca,7,9,0.3879,0.4190
between,embeddings,relieff,7,15,0.3954,0.4573
between,embeddings,all,8,1,0.4504,0.4941
between,embeddings,pca,8,7,0.4262,0.4731
between,embeddings,relieff,8,7,0.4181,0.4798
between,embeddings,all,9,9,0.4520,0.4791
between,embeddings,pca,9,11,0.4092,0.4428
between,embeddings,relieff,9,17,0.4024,0.4556
between,embeddings,all,10,5,0.4297,0.4595
between,embeddings,pca,10,17,0.3775,0.4001
between,embeddings,relieff,10,19,0.4117,0.4565
